// Jest Snapshot v1, https://goo.gl/fbAQLP

exports[`App renders correctly 1`] = `
<View
  onLayout={[Function]}
  style={
    Array [
      Object {
        "flex": 1,
      },
      undefined,
    ]
  }
>
  <View
    onMoveShouldSetResponder={[Function]}
    onMoveShouldSetResponderCapture={[Function]}
    onResponderEnd={[Function]}
    onResponderGrant={[Function]}
    onResponderMove={[Function]}
    onResponderReject={[Function]}
    onResponderRelease={[Function]}
    onResponderStart={[Function]}
    onResponderTerminate={[Function]}
    onResponderTerminationRequest={[Function]}
    onStartShouldSetResponder={[Function]}
    onStartShouldSetResponderCapture={[Function]}
    style={
      Object {
        "flex": 1,
        "flexDirection": "column-reverse",
      }
    }
  >
    <View
      style={
        Object {
          "flex": 1,
        }
      }
    >
      <View
        collapsable={undefined}
        pointerEvents="auto"
        style={
          Object {
            "backgroundColor": "#E9E9EF",
            "bottom": 0,
            "left": 0,
            "opacity": 1,
            "position": "absolute",
            "right": 0,
            "shadowColor": "black",
            "shadowOffset": Object {
              "height": 0,
              "width": 0,
            },
            "shadowOpacity": 0.4,
            "shadowRadius": 10,
            "top": 0,
            "transform": Array [
              Object {
                "translateX": 0,
              },
              Object {
                "translateY": 0,
              },
            ],
          }
        }
      >
        <View>
          <Text
            accessible={true}
            allowFontScaling={true}
            disabled={false}
            ellipsizeMode="tail"
          >
            Main content
          </Text>
          <View
            accessibilityComponentType="button"
            accessibilityLabel={undefined}
            accessibilityTraits={
              Array [
                "button",
              ]
            }
            accessible={true}
            collapsable={undefined}
            hitSlop={undefined}
            isTVSelectable={true}
            nativeID={undefined}
            onLayout={undefined}
            onResponderGrant={[Function]}
            onResponderMove={[Function]}
            onResponderRelease={[Function]}
            onResponderTerminate={[Function]}
            onResponderTerminationRequest={[Function]}
            onStartShouldSetResponder={[Function]}
            style={
              Object {
                "opacity": 1,
              }
            }
            testID={undefined}
            tvParallaxProperties={undefined}
          >
            <View
              style={
                Array [
                  Object {},
                ]
              }
            >
              <Text
                accessible={true}
                allowFontScaling={true}
                disabled={false}
                ellipsizeMode="tail"
                style={
                  Array [
                    Object {
                      "color": "#0C42FD",
                      "fontSize": 18,
                      "padding": 8,
                      "textAlign": "center",
                    },
                  ]
                }
              >
                Go to Sub
              </Text>
            </View>
          </View>
          <View
            style={
              Object {
                "marginTop": "auto",
                "paddingBottom": 30,
                "paddingLeft": 30,
                "paddingRight": 30,
                "paddingTop": 30,
              }
            }
          >
            <View
              accessibilityComponentType="button"
              accessibilityLabel={undefined}
              accessibilityTraits={
                Array [
                  "button",
                ]
              }
              accessible={true}
              collapsable={undefined}
              hitSlop={undefined}
              isTVSelectable={true}
              nativeID={undefined}
              onLayout={undefined}
              onResponderGrant={[Function]}
              onResponderMove={[Function]}
              onResponderRelease={[Function]}
              onResponderTerminate={[Function]}
              onResponderTerminationRequest={[Function]}
              onStartShouldSetResponder={[Function]}
              style={
                Object {
                  "opacity": 1,
                }
              }
              testID={undefined}
              tvParallaxProperties={undefined}
            >
              <View
                style={
                  Array [
                    Object {},
                  ]
                }
              >
                <Text
                  accessible={true}
                  allowFontScaling={true}
                  disabled={false}
                  ellipsizeMode="tail"
                  style={
                    Array [
                      Object {
                        "color": "#0C42FD",
                        "fontSize": 18,
                        "padding": 8,
                        "textAlign": "center",
                      },
                    ]
                  }
                >
                  ES
                </Text>
              </View>
            </View>
          </View>
        </View>
      </View>
    </View>
    <View
      cardStyle={undefined}
      collapsable={undefined}
      getScreenDetails={[Function]}
      headerMode={undefined}
      index={0}
      layout={
        Object {
          "height": 0,
          "initHeight": 0,
          "initWidth": 0,
          "isMeasured": false,
          "width": 0,
        }
      }
      mode="float"
      navigation={
        Object {
          "dispatch": [Function],
          "goBack": [Function],
          "navigate": [Function],
          "setParams": [Function],
          "state": Object {
            "index": 0,
            "routes": Array [
              Object {
                "key": "id-1503422745208-1",
                "routeName": "Main",
              },
            ],
          },
        }
      }
      router={
        Object {
          "getActionForPathAndParams": [Function],
          "getComponentForRouteName": [Function],
          "getComponentForState": [Function],
          "getPathAndParamsForState": [Function],
          "getScreenConfig": [Function],
          "getScreenOptions": [Function],
          "getStateForAction": [Function],
        }
      }
      style={
        Object {
          "backgroundColor": "#EFEFF2",
          "elevation": 4,
          "height": 64,
          "paddingTop": 20,
          "shadowColor": "black",
          "shadowOffset": Object {
            "height": 0.5,
          },
          "shadowOpacity": 0.1,
          "shadowRadius": 0.5,
        }
      }
      transitionConfig={undefined}
    >
      <View
        style={
          Object {
            "flex": 1,
          }
        }
      >
        <View
          style={
            Array [
              Object {
                "bottom": 0,
                "left": 0,
                "position": "absolute",
                "right": 0,
                "top": 0,
              },
              Object {
                "flexDirection": "row",
              },
            ]
          }
        >
          <View
            collapsable={undefined}
            pointerEvents="box-none"
            style={
              Object {
                "alignItems": "center",
                "backgroundColor": "transparent",
                "bottom": 0,
                "justifyContent": "center",
                "left": 70,
                "opacity": 1,
                "position": "absolute",
                "right": 70,
                "top": 0,
                "transform": Array [
                  Object {
                    "translateX": 0,
                  },
                ],
              }
            }
          >
            <Text
              accessibilityTraits="header"
              accessible={true}
              allowFontScaling={true}
              disabled={false}
              ellipsizeMode="tail"
              numberOfLines={1}
              onLayout={[Function]}
              style={
                Array [
                  Object {
                    "color": "rgba(0, 0, 0, .9)",
                    "fontSize": 17,
                    "fontWeight": "600",
                    "marginHorizontal": 16,
                    "textAlign": "center",
                  },
                  Array [
                    null,
                    undefined,
                  ],
                ]
              }
            >
              Main screen (en)
            </Text>
          </View>
        </View>
      </View>
    </View>
  </View>
</View>
`;
